
> likha-sis@0.0.0 build
> vite build

vite.config.js (3:20) [33m[UNRESOLVED_IMPORT] [0mCould not resolve 'vite-plugin-pwa' in vite.config.js
   [38;5;246m╭[0m[38;5;246m─[0m[38;5;246m[[0m vite.config.js:3:21 [38;5;246m][0m
   [38;5;246m│[0m
 [38;5;246m3 │[0m [38;5;249mi[0m[38;5;249mm[0m[38;5;249mp[0m[38;5;249mo[0m[38;5;249mr[0m[38;5;249mt[0m[38;5;249m [0m[38;5;249mv[0m[38;5;249mi[0m[38;5;249mt[0m[38;5;249me[0m[38;5;249mP[0m[38;5;249mw[0m[38;5;249ma[0m[38;5;249m [0m[38;5;249mf[0m[38;5;249mr[0m[38;5;249mo[0m[38;5;249mm[0m[38;5;249m [0m'vite-plugin-pwa'
 [38;5;240m  │[0m                     ────────┬────────  
 [38;5;240m  │[0m                             ╰────────── Module not found, treating it as an external dependency
[38;5;246m───╯[0m

[31mfailed to load config from e:\LIKHA SYS\likha-sis\vite.config.js[39m
[31merror during build:
Error [ERR_MODULE_NOT_FOUND]: Cannot find package 'vite-plugin-pwa' imported from e:\LIKHA SYS\likha-sis\node_modules\.vite-temp\vite.config.js.timestamp-1787054237218-18a9f3e3ba66f.mjs
    at Object.getPackageJSONURL (node:internal/modules/package_json_reader:301:9)
    at packageResolve (node:internal/modules/esm/resolve:768:81)
    at moduleResolve (node:internal/modules/esm/resolve:859:18)
    at defaultResolve (node:internal/modules/esm/resolve:992:11)
    at #cachedDefaultResolve (node:internal/modules/esm/loader:701:20)
    at #resolveAndMaybeBlockOnLoaderThread (node:internal/modules/esm/loader:721:38)
    at ModuleLoader.resolveSync (node:internal/modules/esm/loader:759:56)
    at #resolve (node:internal/modules/esm/loader:683:17)
    at ModuleLoader.getOrCreateModuleJob (node:internal/modules/esm/loader:603:35)
    at ModuleJob.syncLink (node:internal/modules/esm/module_job:163:33) {
  code: 'ERR_MODULE_NOT_FOUND'
}[39m
